[     562ms] [ERROR] Failed to load resource: the server responded with a status of 500 (Internal Server Error) @ http://localhost:3000/:0
[     727ms] Error: Cannot find module './592.js'
Require stack:
- /Users/martin/projects/Millennium-admin/.worktrees/feature-issue-61-add-images-to-the-details-page/.next/server/webpack-runtime.js
- /Users/martin/projects/Millennium-admin/.worktrees/feature-issue-61-add-images-to-the-details-page/.next/server/app/characters/[id]/page.js
- /Users/martin/projects/Millennium-admin/node_modules/next/dist/server/require.js
- /Users/martin/projects/Millennium-admin/node_modules/next/dist/server/load-components.js
- /Users/martin/projects/Millennium-admin/node_modules/next/dist/build/utils.js
- /Users/martin/projects/Millennium-admin/node_modules/next/dist/server/dev/hot-middleware.js
- /Users/martin/projects/Millennium-admin/node_modules/next/dist/server/dev/hot-reloader-webpack.js
- /Users/martin/projects/Millennium-admin/node_modules/next/dist/server/lib/router-utils/setup-dev-bundler.js
- /Users/martin/projects/Millennium-admin/node_modules/next/dist/server/lib/router-server.js
- /Users/martin/projects/Millennium-admin/node_modules/next/dist/server/lib/start-server.js
    at Module._resolveFilename (node:internal/modules/cjs/loader:1447:15)
    at <unknown> (file:///Users/martin/projects/Millennium-admin/node_modules/next/dist/server/require-hook.js:55:36)
    at defaultResolveImpl (node:internal/modules/cjs/loader:1058:19)
    at resolveForCJSWithHooks (node:internal/modules/cjs/loader:1063:22)
    at Module._load (node:internal/modules/cjs/loader:1233:25)
    at TracingChannel.traceSync (node:diagnostics_channel:328:14)
    at wrapModuleLoad (node:internal/modules/cjs/loader:245:24)
    at Module.require (node:internal/modules/cjs/loader:1547:12)
    at mod.require (file:///Users/martin/projects/Millennium-admin/node_modules/next/dist/server/require-hook.js:65:28)
    at require (node:internal/modules/helpers:152:16)
    at __webpack_require__.f.require (file:///Users/martin/projects/Millennium-admin/.worktrees/feature-issue-61-add-images-to-the-details-page/.next/server/webpack-runtime.js:198:28)
    at <unknown> (file:///Users/martin/projects/Millennium-admin/.worktrees/feature-issue-61-add-images-to-the-details-page/.next/server/webpack-runtime.js:111:40)
    at Array.reduce (<anonymous>)
    at __webpack_require__.e (file:///Users/martin/projects/Millennium-admin/.worktrees/feature-issue-61-add-images-to-the-details-page/.next/server/webpack-runtime.js:110:67)
    at Array.map (<anonymous>)
    at __webpack_require__.X (file:///Users/martin/projects/Millennium-admin/.worktrees/feature-issue-61-add-images-to-the-details-page/.next/server/webpack-runtime.js:162:22)
    at <unknown> (file:///Users/martin/projects/Millennium-admin/.worktrees/feature-issue-61-add-images-to-the-details-page/.next/server/app/page.js:1:7165)
    at Object.<anonymous> (file:///Users/martin/projects/Millennium-admin/.worktrees/feature-issue-61-add-images-to-the-details-page/.next/server/app/page.js:1:7214)
    at Module._compile (node:internal/modules/cjs/loader:1803:14)
    at Module._extensions..js (node:internal/modules/cjs/loader:1934:10)
    at Module.load (node:internal/modules/cjs/loader:1524:32)
    at Module._load (node:internal/modules/cjs/loader:1326:12)
    at TracingChannel.traceSync (node:diagnostics_channel:328:14)
    at wrapModuleLoad (node:internal/modules/cjs/loader:245:24)
    at Module.require (node:internal/modules/cjs/loader:1547:12)
    at mod.require (file:///Users/martin/projects/Millennium-admin/node_modules/next/dist/server/require-hook.js:65:28)
    at require (node:internal/modules/helpers:152:16)
    at requirePage (file:///Users/martin/projects/Millennium-admin/node_modules/next/dist/server/require.js:109:84)
    at <unknown> (file:///Users/martin/projects/Millennium-admin/node_modules/next/dist/server/load-components.js:103:84)
    at async loadComponentsImpl (file:///Users/martin/projects/Millennium-admin/node_modules/next/dist/server/load-components.js:103:26)
    at async DevServer.findPageComponentsImpl (file:///Users/martin/projects/Millennium-admin/node_modules/next/dist/server/next-server.js:714:36)
    at async DevServer.findPageComponents (file:///Users/martin/projects/Millennium-admin/node_modules/next/dist/server/dev/next-dev-server.js:577:20)
    at async DevServer.renderPageComponent (file:///Users/martin/projects/Millennium-admin/node_modules/next/dist/server/base-server.js:1910:24)
    at async DevServer.renderToResponseImpl (file:///Users/martin/projects/Millennium-admin/node_modules/next/dist/server/base-server.js:1962:32)
    at async DevServer.pipeImpl (file:///Users/martin/projects/Millennium-admin/node_modules/next/dist/server/base-server.js:922:25)
    at async NextNodeServer.handleCatchallRenderRequest (file:///Users/martin/projects/Millennium-admin/node_modules/next/dist/server/next-server.js:272:17)
    at async DevServer.handleRequestImpl (file:///Users/martin/projects/Millennium-admin/node_modules/next/dist/server/base-server.js:818:17)
    at async (file:///Users/martin/projects/Millennium-admin/node_modules/next/dist/server/dev/next-dev-server.js:339:20)
    at async Span.traceAsyncFn (file:///Users/martin/projects/Millennium-admin/node_modules/next/dist/trace/trace.js:154:20)
    at async DevServer.handleRequest (file:///Users/martin/projects/Millennium-admin/node_modules/next/dist/server/dev/next-dev-server.js:336:24)
    at async invokeRender (file:///Users/martin/projects/Millennium-admin/node_modules/next/dist/server/lib/router-server.js:179:21)
    at async handleRequest (file:///Users/martin/projects/Millennium-admin/node_modules/next/dist/server/lib/router-server.js:359:24)
    at async requestHandlerImpl (file:///Users/martin/projects/Millennium-admin/node_modules/next/dist/server/lib/router-server.js:383:13)
    at async Server.requestListener (file:///Users/martin/projects/Millennium-admin/node_modules/next/dist/server/lib/start-server.js:141:13)
[     753ms] [ERROR] Failed to load resource: the server responded with a status of 404 (Not Found) @ http://localhost:3000/favicon.ico:0
