[     456ms] [ERROR] Failed to load resource: the server responded with a status of 500 (Internal Server Error) @ http://localhost:3000/characters/test-id:0
[     647ms] Error: Missing Supabase environment variables
    at getSupabaseClient (webpack-internal:///(rsc)/./src/lib/supabase.ts:15:15)
    at fetchCharacterById (webpack-internal:///(rsc)/./src/lib/characters.ts:40:82)
    at CharacterPage (webpack-internal:///(rsc)/./src/app/characters/[id]/page.tsx:27:76)
[     647ms] Error: Missing Supabase environment variables
    at getSupabaseClient (webpack-internal:///(rsc)/./src/lib/supabase.ts:15:15)
    at fetchCharacterById (webpack-internal:///(rsc)/./src/lib/characters.ts:40:82)
    at CharacterPage (webpack-internal:///(rsc)/./src/app/characters/[id]/page.tsx:27:76)
[     647ms] Error: Missing Supabase environment variables
    at getSupabaseClient (webpack-internal:///(rsc)/./src/lib/supabase.ts:15:15)
    at fetchCharacterById (webpack-internal:///(rsc)/./src/lib/characters.ts:40:82)
    at CharacterPage (webpack-internal:///(rsc)/./src/app/characters/[id]/page.tsx:27:76)
[     647ms] Error: Missing Supabase environment variables
    at getSupabaseClient (webpack-internal:///(rsc)/./src/lib/supabase.ts:15:15)
    at fetchCharacterById (webpack-internal:///(rsc)/./src/lib/characters.ts:40:82)
    at CharacterPage (webpack-internal:///(rsc)/./src/app/characters/[id]/page.tsx:27:76)
[     648ms] Error: Missing Supabase environment variables
    at getSupabaseClient (webpack-internal:///(rsc)/./src/lib/supabase.ts:15:15)
    at fetchCharacterById (webpack-internal:///(rsc)/./src/lib/characters.ts:40:82)
    at CharacterPage (webpack-internal:///(rsc)/./src/app/characters/[id]/page.tsx:27:76)
[     648ms] Error: Missing Supabase environment variables
    at getSupabaseClient (webpack-internal:///(rsc)/./src/lib/supabase.ts:15:15)
    at fetchCharacterById (webpack-internal:///(rsc)/./src/lib/characters.ts:40:82)
    at CharacterPage (webpack-internal:///(rsc)/./src/app/characters/[id]/page.tsx:27:76)
[     648ms] Error: Missing Supabase environment variables
    at getSupabaseClient (webpack-internal:///(rsc)/./src/lib/supabase.ts:15:15)
    at fetchCharacterById (webpack-internal:///(rsc)/./src/lib/characters.ts:40:82)
    at CharacterPage (webpack-internal:///(rsc)/./src/app/characters/[id]/page.tsx:27:76)
[     649ms] Error: Missing Supabase environment variables
    at getSupabaseClient (webpack-internal:///(rsc)/./src/lib/supabase.ts:15:15)
    at fetchCharacterById (webpack-internal:///(rsc)/./src/lib/characters.ts:40:82)
    at CharacterPage (webpack-internal:///(rsc)/./src/app/characters/[id]/page.tsx:27:76)
[     649ms] Error: Missing Supabase environment variables
    at getSupabaseClient (webpack-internal:///(rsc)/./src/lib/supabase.ts:15:15)
    at fetchCharacterById (webpack-internal:///(rsc)/./src/lib/characters.ts:40:82)
    at CharacterPage (webpack-internal:///(rsc)/./src/app/characters/[id]/page.tsx:27:76)
[     649ms] Error: Missing Supabase environment variables
    at getSupabaseClient (webpack-internal:///(rsc)/./src/lib/supabase.ts:15:15)
    at fetchCharacterById (webpack-internal:///(rsc)/./src/lib/characters.ts:40:82)
    at CharacterPage (webpack-internal:///(rsc)/./src/app/characters/[id]/page.tsx:27:76)
[     650ms] Error: Missing Supabase environment variables
    at getSupabaseClient (webpack-internal:///(rsc)/./src/lib/supabase.ts:15:15)
    at fetchCharacterById (webpack-internal:///(rsc)/./src/lib/characters.ts:40:82)
    at CharacterPage (webpack-internal:///(rsc)/./src/app/characters/[id]/page.tsx:27:76)
[     650ms] Error: Missing Supabase environment variables
    at getSupabaseClient (webpack-internal:///(rsc)/./src/lib/supabase.ts:15:15)
    at fetchCharacterById (webpack-internal:///(rsc)/./src/lib/characters.ts:40:82)
    at CharacterPage (webpack-internal:///(rsc)/./src/app/characters/[id]/page.tsx:27:76)
[     650ms] Error: Missing Supabase environment variables
    at getSupabaseClient (webpack-internal:///(rsc)/./src/lib/supabase.ts:15:15)
    at fetchCharacterById (webpack-internal:///(rsc)/./src/lib/characters.ts:40:82)
    at CharacterPage (webpack-internal:///(rsc)/./src/app/characters/[id]/page.tsx:27:76)
[     650ms] Error: Missing Supabase environment variables
    at getSupabaseClient (webpack-internal:///(rsc)/./src/lib/supabase.ts:15:15)
    at fetchCharacterById (webpack-internal:///(rsc)/./src/lib/characters.ts:40:82)
    at CharacterPage (webpack-internal:///(rsc)/./src/app/characters/[id]/page.tsx:27:76)
[     683ms] [ERROR] The above error occurred in the <NotFoundErrorBoundary> component:

    at InnerLayoutRouter (webpack-internal:///(app-pages-browser)/../../node_modules/next/dist/client/components/layout-router.js:243:11)
    at RedirectErrorBoundary (webpack-internal:///(app-pages-browser)/../../node_modules/next/dist/client/components/redirect-boundary.js:74:9)
    at RedirectBoundary (webpack-internal:///(app-pages-browser)/../../node_modules/next/dist/client/components/redirect-boundary.js:82:11)
    at NotFoundBoundary (webpack-internal:///(app-pages-browser)/../../node_modules/next/dist/client/components/not-found-boundary.js:84:11)
    at LoadingBoundary (webpack-internal:///(app-pages-browser)/../../node_modules/next/dist/client/components/layout-router.js:349:11)
    at ErrorBoundary (webpack-internal:///(app-pages-browser)/../../node_modules/next/dist/client/components/error-boundary.js:160:11)
    at InnerScrollAndFocusHandler (webpack-internal:///(app-pages-browser)/../../node_modules/next/dist/client/components/layout-router.js:153:9)
    at ScrollAndFocusHandler (webpack-internal:///(app-pages-browser)/../../node_modules/next/dist/client/components/layout-router.js:228:11)
    at RenderFromTemplateContext (webpack-internal:///(app-pages-browser)/../../node_modules/next/dist/client/components/render-from-template-context.js:16:44)
    at OuterLayoutRouter (webpack-internal:///(app-pages-browser)/../../node_modules/next/dist/client/components/layout-router.js:370:11)
    at InnerLayoutRouter (webpack-internal:///(app-pages-browser)/../../node_modules/next/dist/client/components/layout-router.js:243:11)
    at RedirectErrorBoundary (webpack-internal:///(app-pages-browser)/../../node_modules/next/dist/client/components/redirect-boundary.js:74:9)
    at RedirectBoundary (webpack-internal:///(app-pages-browser)/../../node_modules/next/dist/client/components/redirect-boundary.js:82:11)
    at NotFoundBoundary (webpack-internal:///(app-pages-browser)/../../node_modules/next/dist/client/components/not-found-boundary.js:84:11)
    at LoadingBoundary (webpack-internal:///(app-pages-browser)/../../node_modules/next/dist/client/components/layout-router.js:349:11)
    at ErrorBoundary (webpack-internal:///(app-pages-browser)/../../node_modules/next/dist/client/components/error-boundary.js:160:11)
    at InnerScrollAndFocusHandler (webpack-internal:///(app-pages-browser)/../../node_modules/next/dist/client/components/layout-router.js:153:9)
    at ScrollAndFocusHandler (webpack-internal:///(app-pages-browser)/../../node_modules/next/dist/client/components/layout-router.js:228:11)
    at RenderFromTemplateContext (webpack-internal:///(app-pages-browser)/../../node_modules/next/dist/client/components/render-from-template-context.js:16:44)
    at OuterLayoutRouter (webpack-internal:///(app-pages-browser)/../../node_modules/next/dist/client/components/layout-router.js:370:11)
    at InnerLayoutRouter (webpack-internal:///(app-pages-browser)/../../node_modules/next/dist/client/components/layout-router.js:243:11)
    at RedirectErrorBoundary (webpack-internal:///(app-pages-browser)/../../node_modules/next/dist/client/components/redirect-boundary.js:74:9)
    at RedirectBoundary (webpack-internal:///(app-pages-browser)/../../node_modules/next/dist/client/components/redirect-boundary.js:82:11)
    at NotFoundErrorBoundary (webpack-internal:///(app-pages-browser)/../../node_modules/next/dist/client/components/not-found-boundary.js:76:9)
    at NotFoundBoundary (webpack-internal:///(app-pages-browser)/../../node_modules/next/dist/client/components/not-found-boundary.js:84:11)
    at LoadingBoundary (webpack-internal:///(app-pages-browser)/../../node_modules/next/dist/client/components/layout-router.js:349:11)
    at ErrorBoundary (webpack-internal:///(app-pages-browser)/../../node_modules/next/dist/client/components/error-boundary.js:160:11)
    at InnerScrollAndFocusHandler (webpack-internal:///(app-pages-browser)/../../node_modules/next/dist/client/components/layout-router.js:153:9)
    at ScrollAndFocusHandler (webpack-internal:///(app-pages-browser)/../../node_modules/next/dist/client/components/layout-router.js:228:11)
    at RenderFromTemplateContext (webpack-internal:///(app-pages-browser)/../../node_modules/next/dist/client/components/render-from-template-context.js:16:44)
    at OuterLayoutRouter (webpack-internal:///(app-pages-browser)/../../node_modules/next/dist/client/components/layout-router.js:370:11)
    at body
    at html
    at RootLayout (Server)
    at RedirectErrorBoundary (webpack-internal:///(app-pages-browser)/../../node_modules/next/dist/client/components/redirect-boundary.js:74:9)
    at RedirectBoundary (webpack-internal:///(app-pages-browser)/../../node_modules/next/dist/client/components/redirect-boundary.js:82:11)
    at NotFoundErrorBoundary (webpack-internal:///(app-pages-browser)/../../node_modules/next/dist/client/components/not-found-boundary.js:76:9)
    at NotFoundBoundary (webpack-internal:///(app-pages-browser)/../../node_modules/next/dist/client/components/not-found-boundary.js:84:11)
    at DevRootNotFoundBoundary (webpack-internal:///(app-pages-browser)/../../node_modules/next/dist/client/components/dev-root-not-found-boundary.js:33:11)
    at ReactDevOverlay (webpack-internal:///(app-pages-browser)/../../node_modules/next/dist/client/components/react-dev-overlay/app/ReactDevOverlay.js:87:9)
    at HotReload (webpack-internal:///(app-pages-browser)/../../node_modules/next/dist/client/components/react-dev-overlay/app/hot-reloader-client.js:321:11)
    at Router (webpack-internal:///(app-pages-browser)/../../node_modules/next/dist/client/components/app-router.js:207:11)
    at ErrorBoundaryHandler (webpack-internal:///(app-pages-browser)/../../node_modules/next/dist/client/components/error-boundary.js:113:9)
    at ErrorBoundary (webpack-internal:///(app-pages-browser)/../../node_modules/next/dist/client/components/error-boundary.js:160:11)
    at AppRouter (webpack-internal:///(app-pages-browser)/../../node_modules/next/dist/client/components/app-router.js:585:13)
    at ServerRoot (webpack-internal:///(app-pages-browser)/../../node_modules/next/dist/client/app-index.js:112:27)
    at Root (webpack-internal:///(app-pages-browser)/../../node_modules/next/dist/client/app-index.js:117:11)
    at ReactDevOverlay (webpack-internal:///(app-pages-browser)/../../node_modules/next/dist/client/components/react-dev-overlay/app/ReactDevOverlay.js:87:9)

React will try to recreate this component tree from scratch using the error boundary you provided, ReactDevOverlay. @ webpack-internal:///(app-pages-browser)/../../node_modules/next/dist/client/app-index.js:32
[    3767ms] [WARNING] The resource http://localhost:3000/_next/static/css/app/layout.css?v=1770219660545 was preloaded using link preload but not used within a few seconds from the window's load event. Please make sure it has an appropriate `as` value and it is preloaded intentionally. @ http://localhost:3000/characters/test-id:0
